
function: get_global

#1 -> #2  ::  defs: %1 / uses: %1 [@1, 4, 11]
#2 ->   ::  defs:  / uses: %1 [@1, 5, 5]

@1 = tests/global.c
