
function: fib

#1 -> #2  ::  defs: %1 / uses:  [@1, 1, 13]
#2 -> #3  ::  defs: %2 / uses:  [@1, 4, 7]
#3 -> #4  ::  defs: %3 / uses:  [@1, 5, 7]
#4 -> #5  ::  defs: %4 / uses:  [@1, 7, 12]
#5 -> #6, #10  ::  defs:  / uses: %4, %1 [@1, 7, 5]
#6 -> #7  ::  defs: %5 / uses: %2, %3 [@1, 8, 11]
#7 -> #8  ::  defs: %2 / uses: %3 [@1, 9, 11]
#8 -> #9  ::  defs: %3 / uses: %5 [@1, 10, 11]
#9 -> #5  ::  defs: %4 / uses: %4 [@1, 7, 25]
#10 ->   ::  defs:  / uses: %3 [@1, 13, 5]

function: main

#11 -> #12  ::  defs:  / uses:  [@2, 8, 5]
#12 -> #13  ::  defs: %6 / uses:  [@2, 9, 13]
#13 -> #14  ::  defs: %7 / uses: %6 [@2, 9, 9]
#14 -> #15  ::  defs: %8 / uses: %7 [@2, 10, 5]
#15 ->   ::  defs:  / uses:  [@2, 11, 5]

@1 = tests/fib.c
@2 = tests/main.c
